// Jest Snapshot v1, https://goo.gl/fbAQLP

exports[`copyStubFiles It should pass if the stub files are copied in the new location 1`] = `
{
  "/node_modules/vue-3-options-preset/src/stubs/App.vue": "...",
  "/node_modules/vue-3-options-preset/src/stubs/HelloWorld.vue": "...",
  "/node_modules/vue-3-options-preset/src/stubs/general.scss": "...",
  "/node_modules/vue-3-options-preset/src/stubs/main.js": "...",
  "/src/App.vue": "...",
  "/src/components/HelloWorld.vue": "...",
  "/src/justAFile.js": "...",
  "/src/main.js": "...",
  "/src/styles/general.scss": "...",
}
`;
