// Jest Snapshot v1, https://goo.gl/fbAQLP

exports[`e2e test vue-3-options-preset It should pass if the command is run and package.json has updated devDependencies 1`] = `
"[37m♻️  Removing old files...[0m
[37m📑  Copying new files...[0m
[31m❌  Error! Cannot complete the scaffolding process. Error: Error: ENOENT: no such file or directory, copyfile 'C:\\MAMP\\htdocs\\boolean\\vue-3-options-preset\\node_modules\\vue-3-options-preset\\src\\stubs\\App.vue' -> 'C:\\MAMP\\htdocs\\boolean\\vue-3-options-preset\\src\\App.vue'[0m"
`;

exports[`e2e test vue-3-options-preset It should pass if the command is run and package.json has updated devDependencies 2`] = `
{
  "/node_modules/vue-3-options-preset/src/stubs/App.vue": "...",
  "/node_modules/vue-3-options-preset/src/stubs/HelloWorld.vue": "...",
  "/node_modules/vue-3-options-preset/src/stubs/general.scss": "...",
  "/node_modules/vue-3-options-preset/src/stubs/main.js": "...",
  "/node_modules/vue-3-options-preset/src/stubs/package.json": "{"dependencies":{"@popperjs/core":"^2.11.6","bootstrap":"^5.2.3"},"devDependencies":{"sass":"^1.57.1"}}",
  "/package.json": "{"license":"MIT","dependencies":{"shelljs":"^0.8.5"},"devDependencies":{"jest":"^29.3.1","memfs":"^3.4.12"}}",
  "/src/components/HelloWorld.vue": "old component",
  "/src/justAFile.js": "...",
}
`;
